
> my-app@0.1.0 build
> next build

Γû▓ Next.js 16.1.3 (Turbopack)

  Creating an optimized production build ...
node.exe : 
At C:\Program 
Files\nodejs\npm.ps1:29 
char:3
+   & $NODE_EXE $NPM_CLI_JS 
$args
+   ~~~~~~~~~~~~~~~~~~~~~~~~
~~~~~
    + CategoryInfo          
    : NotSpecified: (:Stri  
  ng) [], RemoteException
    + FullyQualifiedErrorId 
    : NativeCommandError
 
> Build error occurred
Error: Turbopack build 
failed with 1 errors:
./app/dashboard/reports/page
.tsx:1:10
Ecmascript file had an error
[0m[31m[1m>[22m[39m[90
m 1 |[39m [36mimport[39m 
{ useState[33m,[39m 
useMemo } [36mfrom[39m 
[32m"react"[39m[33m;[39m
 [90m   |[39m          [3
1m[1m^[22m[39m[31m[1m^
[22m[39m[31m[1m^[22m[39
m[31m[1m^[22m[39m[31m[
1m^[22m[39m[31m[1m^[22m
[39m[31m[1m^[22m[39m[3
1m[1m^[22m[39m
 [90m 2 |[39m 
[36mimport[39m { useAuth 
} [36mfrom[39m [32m"@/app
/context/AuthContext"[39m[
33m;[39m
 [90m 3 |[39m 
[36mimport[39m 
[33mHeader[39m 
[36mfrom[39m [32m"@/app/c
omponents/Header"[39m[33m;
[39m
 [90m 4 |[39m 
[36mimport[39m jsPDF 
[36mfrom[39m [32m"jspdf"
[39m[33m;[39m[0m

You're importing a 
component that needs 
`useState`. This React Hook 
only works in a Client 
Component. To fix, mark the 
file (or its parent) with 
the `"use client"` 
directive.

 Learn more: https://nextjs.
org/docs/app/api-reference/d
irectives/use-client




    at <unknown> (./app/dash
board/reports/page.tsx:1:10)
